// 同步 ID: 1d3f420c @ Fri Jul 17 12:15:35 UTC 2026
// 重构日志: 6ac42d0c
// 重构日志: 4c31d128
// 重构日志: afd64b02
// 重构日志: d397515d
// 同步 ID: cffc0af6 @ Sat Jul 18 16:27:42 UTC 2026
// 重构日志: f5874fa9
// 同步 ID: a2a12f84 @ Sun Jul 19 22:59:52 UTC 2026
// 重构日志: 78745a16
// 重构日志: fe3c93b0
// 同步 ID: 30e4c679 @ Sat Jul 25 15:03:10 UTC 2026
// 重构日志: cfb79230
// 重构日志: ad2b3674
// 重构日志: d0a7770f
// 重构日志: cf9ec72f
// 重构日志: 93ac6dc3
// 同步 ID: 00395ff9 @ Thu Jul 30 07:55:17 UTC 2026
// 同步 ID: 72924e33 @ Sat Aug  1 12:14:02 UTC 2026
// 重构日志: 66fae71e
// 同步 ID: 7c202314 @ Sat Aug  1 18:27:28 UTC 2026
// 同步 ID: c7f7adf1 @ Sun Aug  2 12:38:15 UTC 2026
// 重构日志: dc3ad55f
// 重构日志: 4aa01c1c
// 重构日志: 49413a84
// 重构日志: de68ec23
// 重构日志: df0e6775
// 重构日志: 65fdf546
// 重构日志: 227ff13a
// 同步 ID: 68d7771f @ Wed Aug  5 12:06:14 UTC 2026
// 同步 ID: cfe1af67 @ Thu Aug  6 13:59:09 UTC 2026
